
> quizapp@0.1.0 build
> next build

node.exe : ΓÜá Warning: 
Next.js inferred your 
workspace root, but it may 
not be correct.
At line:1 char:1
+ & 
"C:\nvm4w\nodejs/node.exe" "
C:\nvm4w\nodejs/node_modules
/npm/bin/np ...
+ ~~~~~~~~~~~~~~~~~~~~~~~~~~
~~~~~~~~~~~~~~~~~~~~~~~~~~~~
~~~~~~~~~~~~~~~
    + CategoryInfo          
    : NotSpecified: (ΓÜá W  
  arning: Ne...not be cor   
 rect.:String) [], Remot    
eException
    + FullyQualifiedErrorId 
    : NativeCommandError
 
 We detected multiple 
lockfiles and selected the 
directory of C:\Users\Asus\p
ackage-lock.json as the 
root directory.
 To silence this warning, 
set `turbopack.root` in 
your Next.js config, or 
consider removing one of 
the lockfiles if it's not 
needed.
   See https://nextjs.org/do
cs/app/api-reference/config/
next-config-js/turbopack#roo
t-directory for more 
information.
 Detected additional 
lockfiles: 
   * C:\Users\Asus\OneDrive\
Desktop\QuizApp\package-lock
.json

Γû▓ Next.js 16.1.6 (Turbopack)
- Environments: .env

ΓÜá The "middleware" file 
convention is deprecated. 
Please use "proxy" instead. 
Learn more: https://nextjs.o
rg/docs/messages/middleware-
to-proxy
  Creating an optimized production build ...

> Build error occurred
Error: Turbopack build 
failed with 1 errors:
./OneDrive/Desktop/QuizApp/c
omponents/SmoothScroll.tsx:3
:1
Module not found: Can't 
resolve 'lenis/react'
[0m [90m 1 |[39m 
[32m"use 
client"[39m[33m;[39m
 [90m 2 |[39m
[31m[1m>[22m[39m[90m 3 
|[39m [36mimport[39m { 
[33mReactLenis[39m } 
[36mfrom[39m [32m"lenis/r
eact"[39m[33m;[39m
 [90m   |[39m [31m[1m^[
22m[39m[31m[1m^[22m[39m
[31m[1m^[22m[39m[31m[1
m^[22m[39m[31m[1m^[22m
[39m[31m[1m^[22m[39m[31
m[1m^[22m[39m[31m[1m^[
22m[39m[31m[1m^[22m[39m
[31m[1m^[22m[39m[31m[1
m^[22m[39m[31m[1m^[22m
[39m[31m[1m^[22m[39m[31
m[1m^[22m[39m[31m[1m^[
22m[39m[31m[1m^[22m[39m
[31m[1m^[22m[39m[31m[1
m^[22m[39m[31m[1m^[22m
[39m[31m[1m^[22m[39m[31
m[1m^[22m[39m[31m[1m^[
22m[39m[31m[1m^[22m[39m
[31m[1m^[22m[39m[31m[1
m^[22m[39m[31m[1m^[22m
[39m[31m[1m^[22m[39m[31
m[1m^[22m[39m[31m[1m^[
22m[39m[31m[1m^[22m[39m
[31m[1m^[22m[39m[31m[1
m^[22m[39m[31m[1m^[22m
[39m[31m[1m^[22m[39m[31
m[1m^[22m[39m[31m[1m^[
22m[39m[31m[1m^[22m[39m
[31m[1m^[22m[39m[31m[1
m^[22m[39m[31m[1m^[22m
[39m[31m[1m^[22m[39m
 [90m 4 |[39m 
[36mimport[39m { 
[33mReactNode[39m } 
[36mfrom[39m 
[32m"react"[39m[33m;[39m
 [90m 5 |[39m
 [90m 6 |[39m 
[36mexport[39m 
[36mdefault[39m 
[36mfunction[39m 
[33mSmoothScroll[39m({ 
children }[33m:[39m { 
children[33m:[39m 
[33mReactNode[39m }) {[0m



Import trace:
  Server Component:
    ./OneDrive/Desktop/QuizA
pp/components/SmoothScroll.t
sx
    ./OneDrive/Desktop/QuizA
pp/app/layout.tsx

https://nextjs.org/docs/mess
ages/module-not-found


    at <unknown> (./OneDrive
/Desktop/QuizApp/components/
SmoothScroll.tsx:3:1)
    at <unknown> (https://ne
xtjs.org/docs/messages/modul
e-not-found)
